python : WARNING:root:backoff module not available, retry mechanisms disabled
At line:1 char:1
+ python comprehensive_nvidia_test.py > test_output.log 2>&1
+ ~~~~~~~~~~~~~~~~~~~~~~~~~~~~~~~~~~~~~~~~~~~~~~~~~~~~~~~~~~
    + CategoryInfo          : NotSpecified: (WARNING:root:ba...anisms disabled:String) [], RemoteException
    + FullyQualifiedErrorId : NativeCommandError
 
WARNING:root:cachetools not available, caching disabled
WARNING:root:circuitbreaker not available, circuit breaker pattern disabled
Traceback (most recent call last):
  File "C:\Users\tiffa\OneDrive\Desktop\comprehensive_nvidia_test.py", line 26, in <module>
    print("\u2713 Successfully imported all NVIDIA Control Panel classes and enums")
  File "C:\Program Files\Python39\lib\encodings\cp1252.py", line 19, in encode
    return codecs.charmap_encode(input,self.errors,encoding_table)[0]
UnicodeEncodeError: 'charmap' codec can't encode character '\u2713' in position 0: character maps to <undefined>
